Renesas Optimizing Linker (W3.06.00 )             17-Apr-2024 10:47:18

*** Options ***

-MAKEUD=DefaultBuild\RL78_F24_SelfTest.lk.ud
-subcommand=DefaultBuild\RL78_F24_SelfTest.clnk
-Input=DefaultBuild\f24opt.obj
-Input=DefaultBuild\main.obj
-Input=DefaultBuild\Config_PORT.obj
-Input=DefaultBuild\Config_PORT_user.obj
-Input=DefaultBuild\Config_TAU0_1.obj
-Input=DefaultBuild\Config_TAU0_1_user.obj
-Input=DefaultBuild\r_cg_systeminit.obj
-Input=DefaultBuild\r_cg_tau_common.obj
-Input=DefaultBuild\hdwinit.obj
-Input=DefaultBuild\r_bsp_init.obj
-Input=DefaultBuild\stkinit.obj
-Input=DefaultBuild\cstart.obj
-Input=DefaultBuild\r_bsp_common.obj
-Input=DefaultBuild\r_bsp_common_ccrl.obj
-Input=DefaultBuild\mcu_clocks.obj
-Input=DefaultBuild\Pin.obj
-Input=DefaultBuild\custom_func.obj
-Input=DefaultBuild\misc_config.obj
-Input=DefaultBuild\Config_UART0.obj
-Input=DefaultBuild\Config_UART0_user.obj
-Input=DefaultBuild\r_cg_sau_common.obj
-Input=DefaultBuild\Config_INTC.obj
-Input=DefaultBuild\Config_INTC_user.obj
-SECURITY_ID=00000000000000000000000000000000
-FLASH_SECURITY_ID=FFFFFFFFFFFFFFFFFFFFFFFFFFFFFFFF
-DEVICE=C:\Program Files (x86)\Renesas Electronics\CS+\CC\Device\RL78\Devicefile\DR7F124FPJ.DVF
-DEBug
-NOCOmpress
-NOOPtimize
-OUtput=DefaultBuild\RL78_F24_SelfTest.abs
-OCDBG=A5
-SECURITY_OPT_BYTE=FE
-DEBUG_MONITOR=3FE00-3FFFF
-USER_OPT_BYTE=EFE3E8
-OCDTR
-LISt=DefaultBuild\RL78_F24_SelfTest.map
-AUTO_SECTION_LAYOUT
-ROm=.data=.dataR
-ROm=.sdata=.sdataR
-NOMessage
-MEMory=High
-Total_size
-NOLOgo
-LIBrary=DefaultBuild\RL78_F24_SelfTest.lib
-end

*** Error information ***

*** Mapping List ***

SECTION                            START      END         SIZE   ALIGN
.vect
                                  00000000  0000007f        80   0
.constf
                                  00000080  00000093        14   2
.init_array
                                  00000094  00000094         0   2
.sdata
                                  00000080  00000080         0   2
.data
                                  00000094  0000009a         7   2
.option_byte
                                  000000c0  000000c4         5   1
.RLIB
                                  000000c5  000000c5         0   1
.security_id
                                  000000c6  000000d5        10   1
.flash_security_id
                                  000000d6  000000e5        10   1
.monitor1
                                  000000e6  000000ef         a   1
.text
                                  000000f0  00000261       172   1
.textf
                                  00000262  00000e78       c17   1
.SLIB
                                  00000e79  0000375c      28e4   1
.const
                                  00005000  0000524d       24e   2
.monitor2
                                  0003fe00  0003ffff       200   1
.bss
                                  000f9f00  000f9f8f        90   2
.dataR
                                  000f9f90  000f9f96         7   2
.sbss
                                  000ffe20  000ffe20         0   2
.sdataR
                                  000ffe20  000ffe20         0   2
